Microchip MPLAB XC8 Compiler V2.40

Linker command line:

-W-3 \
  --edf=C:\Program Files\Microchip\xc8\v2.40\pic\dat\20220703182018_en.msgs \
  -cn -h+dist/default/production\PIC18_RTC_LCD.X.production.sym \
  --cmf=dist/default/production\PIC18_RTC_LCD.X.production.cmf -z -Q18F4550 \
  -oC:\Users\mahmo\AppData\Local\Temp\xcAs2jk.5 --defsym=__MPLAB_BUILD=1 \
  --fixupoverflow=error \
  -Mdist/default/production/PIC18_RTC_LCD.X.production.map \
  --md=C:\Users\mahmo\AppData\Local\Temp\xcBs2jk.dat -E1 -ver=XC8 Compiler \
  --acfsm=1493 -ACODE=00h-07FFFh -ACONST=00h-07FFFh \
  -ASMALLCONST=0800h-08FFhx120 -AMEDIUMCONST=0800h-07FFFh -ACOMRAM=01h-05Fh \
  -AABS1=00h-07FFh -ABIGRAM=01h-07FFh -ARAM=060h-0FFh,0100h-01FFhx7 \
  -ABANK0=060h-0FFh -ABANK1=0100h-01FFh -ABANK2=0200h-02FFh \
  -ABANK3=0300h-03FFh -ABANK4=0400h-04FFh -ABANK5=0500h-05FFh \
  -ABANK6=0600h-06FFh -ABANK7=0700h-07FFh -ASFR=0F60h-0FFFh \
  -ABIGSFR=0F60h-0FFFh -ACONFIG=0300000h-030000Dh -AIDLOC=0200000h-0200007h \
  -AEEDATA=0F00000h-0F000FFh -peeprom_data=EEDATA \
  -preset_vec=00h,intcode=08h,intcodelo,powerup,init -pramtop=0800h \
  -psmallconst=SMALLCONST -pmediumconst=MEDIUMCONST -pconst=CONST \
  -AFARRAM=00h-00h \
  -prdata=COMRAM,nvrram=COMRAM,nvbit=COMRAM,rbss=COMRAM,rbit=COMRAM \
  -pfarbss=FARRAM,fardata=FARRAM,nvFARRAM=FARRAM \
  -pintsave_regs=BIGRAM,bigbss=BIGRAM,bigdata=BIGRAM -pbss=RAM \
  -pidata=CODE,irdata=CODE,ibigdata=CODE,ifardata=CODE -prparam=COMRAM \
  C:\Users\mahmo\AppData\Local\Temp\xcAs2jk.o \
  dist/default/production\PIC18_RTC_LCD.X.production.o 

Object code version is 3.11

Machine type is 18F4550



                Name                               Link     Load   Length Selector   Space Scale
C:\Users\mahmo\AppData\Local\Temp\xcAs2jk.o
                idloc                            200000   200000        8        0       5
                config                           300000   300000        E        0       4
                init                                  E        E        4        4       0
                reset_vec                             0        0        4        0       0
dist/default/production\PIC18_RTC_LCD.X.production.o
                intcode                               8        8        6        4       0
                idloc                            200000   200000        8        0       5
                config                           300000   300000        E        0       4
                temp                                 5F       5F        1        1       1
                smallconst                          800      800       50      400       0
                intcode_body                       469C     469C       1A      428       0
                text55                             474A     474A        8      428       0
                text54                             364A     364A      13A      428       0
                text53                             3B96     3B96       F0      428       0
                text52                             41E2     41E2       6A      428       0
                text51                             2BB2     2BB2      240      428       0
                text50                             4730     4730       10      428       0
                text49                             4590     4590       30      428       0
                text48                             4558     4558       38      428       0
                text47                             46B6     46B6       18      428       0
                text46                             4680     4680       1C      428       0
                text45                             416A     416A       78      428       0
                text44                             471E     471E       12      428       0
                text43                             4740     4740        A      428       0
                text42                             470C     470C       12      428       0
                text41                             463E     463E       22      428       0
                text40                             45EE     45EE       2E      428       0
                text39                             4660     4660       20      428       0
                text38                             3EFE     3EFE       C4      428       0
                text37                             3FC2     3FC2       B0      428       0
                text36                             3784     3784      114      428       0
                text35                             46CE     46CE       16      428       0
                text34                             3C86     3C86       D8      428       0
                text33                             3D5E     3D5E       D6      428       0
                text32                             4452     4452       46      428       0
                text31                             4072     4072       7E      428       0
                text30                             46F8     46F8       14      428       0
                text29                             46E4     46E4       14      428       0
                text28                             451C     451C       3C      428       0
                text27                             45C0     45C0       2E      428       0
                text26                             424C     424C       68      428       0
                text25                             436C     436C       50      428       0
                text24                             335E     335E      188      428       0
                text23                             34E6     34E6      164      428       0
                text22                             44DC     44DC       40      428       0
                text21                             4752     4752        2      428       0
                text20                             3E34     3E34       CA      428       0
                text19                             4498     4498       44      428       0
                text18                             40F0     40F0       7A      428       0
                text17                             26DA     26DA      27E      428       0
                text16                             31C8     31C8      196      428       0
                text15                             2DF2     2DF2      222      428       0
                text14                             43BC     43BC       4E      428       0
                text13                             431A     431A       52      428       0
                text12                             2958     2958      25A      428       0
                text11                             42B4     42B4       66      428       0
                text10                              850      850      57A      428       0
                text9                              1F36     1F36      40A      428       0
                text8                              1B2C     1B2C      40A      428       0
                text7                               DCA      DCA      4C0      428       0
                text6                              2340     2340      39A      428       0
                text5                              399E     399E      104      428       0
                text4                              1702     1702      42A      428       0
                text3                              3898     3898      106      428       0
                text2                              3014     3014      1B4      428       0
                text1                              3AA2     3AA2       F4      428       0
                text0                              128A     128A      478      428       0
                cstackCOMRAM                          1        1       5D        1       1
                cstackBANK0                          DF       DF       18       60       1
                bssBANK1                            100      100       48      100       1
                dataBANK0                            BD       BD       22       60       1
                bssBANK0                             60       60       5D       60       1
                bssCOMRAM                            5E       5E        1        1       1
                cinit                              440A     440A       48      428       0
                nvBANK0                              F7       F7        1       60       1
                idataBANK0                         461C     461C       22      428       0

TOTAL           Name                               Link     Load   Length     Space
        CLASS   CODE           
                intcode                               8        8        6         0
                init                                  E        E        4         0
                reset_vec                             0        0        4         0
                intcode_body                       469C     469C       1A         0
                text55                             474A     474A        8         0
                text54                             364A     364A      13A         0
                text53                             3B96     3B96       F0         0
                text52                             41E2     41E2       6A         0
                text51                             2BB2     2BB2      240         0
                text50                             4730     4730       10         0
                text49                             4590     4590       30         0
                text48                             4558     4558       38         0
                text47                             46B6     46B6       18         0
                text46                             4680     4680       1C         0
                text45                             416A     416A       78         0
                text44                             471E     471E       12         0
                text43                             4740     4740        A         0
                text42                             470C     470C       12         0
                text41                             463E     463E       22         0
                text40                             45EE     45EE       2E         0
                text39                             4660     4660       20         0
                text38                             3EFE     3EFE       C4         0
                text37                             3FC2     3FC2       B0         0
                text36                             3784     3784      114         0
                text35                             46CE     46CE       16         0
                text34                             3C86     3C86       D8         0
                text33                             3D5E     3D5E       D6         0
                text32                             4452     4452       46         0
                text31                             4072     4072       7E         0
                text30                             46F8     46F8       14         0
                text29                             46E4     46E4       14         0
                text28                             451C     451C       3C         0
                text27                             45C0     45C0       2E         0
                text26                             424C     424C       68         0
                text25                             436C     436C       50         0
                text24                             335E     335E      188         0
                text23                             34E6     34E6      164         0
                text22                             44DC     44DC       40         0
                text21                             4752     4752        2         0
                text20                             3E34     3E34       CA         0
                text19                             4498     4498       44         0
                text18                             40F0     40F0       7A         0
                text17                             26DA     26DA      27E         0
                text16                             31C8     31C8      196         0
                text15                             2DF2     2DF2      222         0
                text14                             43BC     43BC       4E         0
                text13                             431A     431A       52         0
                text12                             2958     2958      25A         0
                text11                             42B4     42B4       66         0
                text10                              850      850      57A         0
                text9                              1F36     1F36      40A         0
                text8                              1B2C     1B2C      40A         0
                text7                               DCA      DCA      4C0         0
                text6                              2340     2340      39A         0
                text5                              399E     399E      104         0
                text4                              1702     1702      42A         0
                text3                              3898     3898      106         0
                text2                              3014     3014      1B4         0
                text1                              3AA2     3AA2       F4         0
                text0                              128A     128A      478         0
                cinit                              440A     440A       48         0
                idataBANK0                         461C     461C       22         0

        CLASS   CONST          

        CLASS   SMALLCONST     
                smallconst                          800      800       50         0

        CLASS   MEDIUMCONST    

        CLASS   COMRAM         
                temp                                 5F       5F        1         1
                cstackCOMRAM                          1        1       5D         1
                bssCOMRAM                            5E       5E        1         1

        CLASS   ABS1           

        CLASS   BIGRAM         

        CLASS   RAM            

        CLASS   BANK0          
                cstackBANK0                          DF       DF       18         1
                dataBANK0                            BD       BD       22         1
                bssBANK0                             60       60       5D         1
                nvBANK0                              F7       F7        1         1

        CLASS   BANK1          
                bssBANK1                            100      100       48         1

        CLASS   BANK2          

        CLASS   BANK3          

        CLASS   BANK4          

        CLASS   BANK5          

        CLASS   BANK6          

        CLASS   BANK7          

        CLASS   SFR            

        CLASS   BIGSFR         

        CLASS   CONFIG         
                config                           300000   300000        E         4

        CLASS   IDLOC          
                idloc                            200000   200000        8         5

        CLASS   EEDATA         

        CLASS   FARRAM         

        CLASS   HEAP           

        CLASS   STACK          



SEGMENTS        Name                           Load    Length   Top    Selector   Space  Class

                reset_vec                      000000  000004  000004         0       0  CODE    
                cstackCOMRAM                   000001  00005F  000060         1       1  COMRAM  
                intcode                        000008  00000A  000012         4       0  CODE    
                bssBANK0                       000060  000098  0000F8        60       1  BANK0   
                bssBANK1                       000100  000048  000148       100       1  BANK1   
                smallconst                     000800  000050  000850       400       0  SMALLCON
                text10                         000850  003F04  004754       428       0  CODE    


UNUSED ADDRESS RANGES

        Name                Unused          Largest block    Delta
        BANK0            0000F8-0000FF                8
        BANK1            000148-0001FF               B8
        BANK2            000200-0002FF              100
        BANK3            000300-0003FF              100
        BANK4            000400-0004FF              100
        BANK5            000500-0005FF              100
        BANK6            000600-0006FF              100
        BANK7            000700-0007FF              100
        BIGRAM           0000F8-0000FF                8
                         000148-0007FF              6B8
        BIGSFR           000F60-000FFF               A0
        CODE             000004-000007                4
                         000012-0007FF              7EE
                         004754-007FFF             38AC
        CONST            000004-000007                4
                         000012-0007FF              7EE
                         004754-007FFF             38AC
        EEDATA           F00000-F000FF              100
        MEDIUMCONST      004754-007FFF             38AC
        RAM              0000F8-0000FF                8
                         000148-0007FF              100
        SFR              000F60-000FFF               A0
        SMALLCONST       004754-007FFF              100

                                  Symbol Table

?___aodiv                             cstackCOMRAM 000001
?___aomod                             cstackCOMRAM 000001
?___awdiv                             cstackCOMRAM 000001
?___awmod                             cstackCOMRAM 000001
?___fladd                             cstackCOMRAM 000041
?___fldiv                             cstackCOMRAM 000028
?___flmul                             cstackCOMRAM 00000F
?___fltol                             cstackCOMRAM 000001
?___lmul                              cstackCOMRAM 000001
?___xxtofl                            cstackCOMRAM 000001
?_abs                                 cstackCOMRAM 000013
?_sprintf                             cstackBANK0  0000DF
?_vfprintf                            cstackCOMRAM 000053
Check@Num                             cstackCOMRAM 000001
Compare@Num1                          cstackCOMRAM 00000D
Compare@Num2                          cstackCOMRAM 00000F
EEPROM_Read@address                   cstackCOMRAM 000001
EEPROM_Write@address                  cstackCOMRAM 000002
EEPROM_Write@data                     cstackCOMRAM 000001
Flash@PlaceN                          cstackCOMRAM 00000D
Flash@inc                             cstackCOMRAM 00000B
I2C_Read@buffer                       cstackCOMRAM 000002
I2C_Read@flag                         cstackCOMRAM 000001
I2C_Repeated_Start@slave_read_address cstackCOMRAM 000002
I2C_Start@slave_write_address         cstackCOMRAM 000002
I2C_Write@data                        cstackCOMRAM 000001
LCD_cmd@cmd                           cstackCOMRAM 000001
LCD_cmd_High@cmd                      cstackCOMRAM 000001
LCD_goto_xy@i                         cstackCOMRAM 000007
LCD_goto_xy@i_52                      cstackCOMRAM 000009
LCD_goto_xy@x                         cstackCOMRAM 000002
LCD_goto_xy@y                         cstackCOMRAM 000004
LCD_write@data                        cstackCOMRAM 000002
LCD_write_string@i                    cstackCOMRAM 000007
LCD_write_string@str                  cstackCOMRAM 000003
RTC_Get_Date@RTC                      cstackCOMRAM 000004
RTC_Get_Time@RTC                      cstackCOMRAM 000004
RTC_Set_Date@date                     cstackCOMRAM 000009
RTC_Set_Date@day                      cstackCOMRAM 00000E
RTC_Set_Date@month                    cstackCOMRAM 00000A
RTC_Set_Date@year                     cstackCOMRAM 00000B
RTC_Set_Time@hour                     cstackCOMRAM 00000A
RTC_Set_Time@min                      cstackCOMRAM 000009
RTC_Set_Time@sec                      cstackCOMRAM 00000D
Screen_Device_1@i                     cstackCOMRAM 000012
Screen_Device_1@i_152                 cstackCOMRAM 000014
Screen_Device_2@i                     cstackCOMRAM 000012
Screen_Device_2@i_157                 cstackCOMRAM 000014
Set_Time@Num                          cstackCOMRAM 000001
Set_Time@Place                        cstackCOMRAM 000003
USART_init@baud_rate                  cstackCOMRAM 000051
USART_init@temp                       cstackCOMRAM 000055
_ACKDT                                (abs)        007E2D
_ACKEN                                (abs)        007E2C
_ACKSTAT                              (abs)        007E2E
_Action                               text53       003B96
_Active_Receiver_Interrupt            text55       00474A
_BRGH                                 (abs)        007D62
_CREN                                 (abs)        007D5C
_Check                                text54       00364A
_Compare                              text51       002BB2
_Destination                          bssBANK0     00009C
_EEADR                                (abs)        000FA9
_EECON1bits                           (abs)        000FA6
_EECON2                               (abs)        000FA7
_EEDATA                               (abs)        000FA8
_EEPROM_Read                          text50       004730
_EEPROM_Write                         text49       004590
_Flash                                text11       0042B4
_GIE                                  (abs)        007F97
_I2C_Ack                              text30       0046F8
_I2C_Init                             text35       0046CE
_I2C_Nack                             text29       0046E4
_I2C_Read                             text28       00451C
_I2C_Ready                            text42       00470C
_I2C_Repeated_Start                   text27       0045C0
_I2C_Start                            text40       0045EE
_I2C_Stop                             text39       004660
_I2C_Write                            text41       00463E
_INTCONbits                           (abs)        000FF2
_ISR                                  intcode      000008
_LCD_4bit_mode                        text45       00416A
_LCD_clear                            text47       0046B6
_LCD_cmd                              text48       004558
_LCD_cmd_High                         text46       004680
_LCD_goto_xy                          text33       003D5E
_LCD_init                             text44       00471E
_LCD_write                            text32       004452
_LCD_write_string                     text31       004072
_PEIE                                 (abs)        007F96
_PEN                                  (abs)        007E2A
_PIR2bits                             (abs)        000FA1
_PORTB                                (abs)        000F81
_PORTD                                (abs)        000F83
_Place1                               bssBANK0     00009A
_Place2                               bssBANK0     000098
_Place3                               bssBANK0     000096
_Place4                               bssBANK0     000094
_Push_Buttons_Init                    text43       004740
_RCEN                                 (abs)        007E2B
_RCIE                                 (abs)        007CED
_RCIF                                 (abs)        007CF5
_RCREG                                (abs)        000FAE
_RCSTA                                (abs)        000FAB
_RCSTAbits                            (abs)        000FAB
_RSEN                                 (abs)        007E29
_RTC                                  dataBANK0    0000BD
_RTC_Get_Date                         text26       00424C
_RTC_Get_Time                         text25       00436C
_RTC_Set_Date                         text36       003784
_RTC_Set_Time                         text34       003C86
_SPBRG                                (abs)        000FAF
_SPEN                                 (abs)        007D5F
_SSPADD                               (abs)        000FC8
_SSPBUF                               (abs)        000FC9
_SSPCON1                              (abs)        000FC6
_SSPCON2                              (abs)        000FC5
_SSPCON2bits                          (abs)        000FC5
_SSPIF                                (abs)        007CF3
_SSPSTAT                              (abs)        000FC7
_SSPSTATbits                          (abs)        000FC7
_SYNC                                 (abs)        007D64
_Screen_Date_Time                     text12       002958
_Screen_Device_1                      text9        001F36
_Screen_Device_2                      text8        001B2C
_Screen_Num                           nvBANK0      0000F7
_Set_Time                             text10       000850
_TRISB                                (abs)        000F93
_TRISB0                               (abs)        007C98
_TRISB1                               (abs)        007C99
_TRISC6                               (abs)        007CA6
_TRISC7                               (abs)        007CA7
_TRISD                                (abs)        000F95
_TXEN                                 (abs)        007D65
_TXIF                                 (abs)        007CF4
_TXREG                                (abs)        000FAD
_TXSTA                                (abs)        000FAC
_USART_init                           text1        003AA2
__HRAM                                (abs)        000000
__Habs1                               abs1         000000
__Hbank0                              bank0        000000
__Hbank1                              bank1        000000
__Hbank2                              bank2        000000
__Hbank3                              bank3        000000
__Hbank4                              bank4        000000
__Hbank5                              bank5        000000
__Hbank6                              bank6        000000
__Hbank7                              bank7        000000
__Hbigbss                             bigbss       000000
__Hbigdata                            bigdata      000000
__Hbigram                             bigram       000000
__Hbigsfr                             bigsfr       000000
__Hbss                                bss          000000
__HbssBANK0                           bssBANK0     000000
__HbssBANK1                           bssBANK1     000000
__HbssCOMRAM                          bssCOMRAM    000000
__Hcinit                              cinit        000000
__Hclrtext                            clrtext      000000
__Hcomram                             comram       000000
__Hconfig                             config       30000E
__Hconst                              const        000000
__HcstackBANK0                        cstackBANK0  000000
__HcstackCOMRAM                       cstackCOMRAM 000000
__Hdata                               data         000000
__HdataBANK0                          dataBANK0    000000
__Heeprom_data                        eeprom_data  000000
__Hfarbss                             farbss       000000
__Hfardata                            fardata      000000
__Hheap                               heap         000000
__Hibigdata                           ibigdata     000000
__Hidata                              idata        000000
__HidataBANK0                         idataBANK0   000000
__Hidloc                              idloc        200008
__Hifardata                           ifardata     000000
__Hinit                               init         000012
__Hintcode                            intcode      00000E
__Hintcode_body                       intcode_body 000000
__Hintcodelo                          intcodelo    00000E
__Hintentry                           intentry     000000
__Hintret                             intret       000000
__Hintsave_regs                       intsave_regs 000000
__Hirdata                             irdata       000000
__Hmediumconst                        mediumconst  000000
__HnvBANK0                            nvBANK0      000000
__HnvFARRAM                           nvFARRAM     000000
__Hnvbit                              nvbit        000000
__Hnvrram                             nvrram       000000
__Hparam                              rparam       000000
__Hpowerup                            powerup      00000E
__Hram                                ram          000000
__Hramtop                             ramtop       000800
__Hrbit                               rbit         000000
__Hrbss                               rbss         000000
__Hrdata                              rdata        000000
__Hreset_vec                          reset_vec    000004
__Hrparam                             rparam       000000
__Hsfr                                sfr          000000
__Hsmallconst                         smallconst   000850
__Hspace_0                            (abs)        004754
__Hspace_1                            (abs)        000148
__Hspace_2                            (abs)        000000
__Hspace_4                            (abs)        60000E
__Hstack                              stack        000000
__Hstruct                             struct       000000
__Htemp                               temp         000060
__Htext                               text         000000
__Htext0                              text0        000000
__Htext1                              text1        000000
__Htext10                             text10       000000
__Htext11                             text11       000000
__Htext12                             text12       000000
__Htext13                             text13       000000
__Htext14                             text14       000000
__Htext15                             text15       000000
__Htext16                             text16       000000
__Htext17                             text17       000000
__Htext18                             text18       000000
__Htext19                             text19       000000
__Htext2                              text2        000000
__Htext20                             text20       000000
__Htext21                             text21       000000
__Htext22                             text22       000000
__Htext23                             text23       000000
__Htext24                             text24       000000
__Htext25                             text25       000000
__Htext26                             text26       000000
__Htext27                             text27       000000
__Htext28                             text28       000000
__Htext29                             text29       000000
__Htext3                              text3        000000
__Htext30                             text30       000000
__Htext31                             text31       000000
__Htext32                             text32       000000
__Htext33                             text33       000000
__Htext34                             text34       000000
__Htext35                             text35       000000
__Htext36                             text36       000000
__Htext37                             text37       000000
__Htext38                             text38       000000
__Htext39                             text39       000000
__Htext4                              text4        000000
__Htext40                             text40       000000
__Htext41                             text41       000000
__Htext42                             text42       000000
__Htext43                             text43       000000
__Htext44                             text44       000000
__Htext45                             text45       000000
__Htext46                             text46       000000
__Htext47                             text47       000000
__Htext48                             text48       000000
__Htext49                             text49       000000
__Htext5                              text5        000000
__Htext50                             text50       000000
__Htext51                             text51       000000
__Htext52                             text52       000000
__Htext53                             text53       000000
__Htext54                             text54       000000
__Htext55                             text55       000000
__Htext6                              text6        000000
__Htext7                              text7        000000
__Htext8                              text8        000000
__Htext9                              text9        000000
__LRAM                                (abs)        000001
__Labs1                               abs1         000000
__Lbank0                              bank0        000000
__Lbank1                              bank1        000000
__Lbank2                              bank2        000000
__Lbank3                              bank3        000000
__Lbank4                              bank4        000000
__Lbank5                              bank5        000000
__Lbank6                              bank6        000000
__Lbank7                              bank7        000000
__Lbigbss                             bigbss       000000
__Lbigdata                            bigdata      000000
__Lbigram                             bigram       000000
__Lbigsfr                             bigsfr       000000
__Lbss                                bss          000000
__LbssBANK0                           bssBANK0     000000
__LbssBANK1                           bssBANK1     000000
__LbssCOMRAM                          bssCOMRAM    000000
__Lcinit                              cinit        000000
__Lclrtext                            clrtext      000000
__Lcomram                             comram       000000
__Lconfig                             config       000000
__Lconst                              const        000000
__LcstackBANK0                        cstackBANK0  000000
__LcstackCOMRAM                       cstackCOMRAM 000000
__Ldata                               data         000000
__LdataBANK0                          dataBANK0    000000
__Leeprom_data                        eeprom_data  000000
__Lfarbss                             farbss       000000
__Lfardata                            fardata      000000
__Lheap                               heap         000000
__Libigdata                           ibigdata     000000
__Lidata                              idata        000000
__LidataBANK0                         idataBANK0   000000
__Lidloc                              idloc        000000
__Lifardata                           ifardata     000000
__Linit                               init         00000E
__Lintcode                            intcode      000008
__Lintcode_body                       intcode_body 000000
__Lintcodelo                          intcodelo    00000E
__Lintentry                           intentry     000000
__Lintret                             intret       000000
__Lintsave_regs                       intsave_regs 000000
__Lirdata                             irdata       000000
__Lmediumconst                        mediumconst  000000
__LnvBANK0                            nvBANK0      000000
__LnvFARRAM                           nvFARRAM     000000
__Lnvbit                              nvbit        000000
__Lnvrram                             nvrram       000000
__Lparam                              rparam       000000
__Lpowerup                            powerup      00000E
__Lram                                ram          000000
__Lramtop                             ramtop       000800
__Lrbit                               rbit         000000
__Lrbss                               rbss         000000
__Lrdata                              rdata        000000
__Lreset_vec                          reset_vec    000000
__Lrparam                             rparam       000000
__Lsfr                                sfr          000000
__Lsmallconst                         smallconst   000800
__Lspace_0                            (abs)        000000
__Lspace_1                            (abs)        000000
__Lspace_2                            (abs)        000000
__Lspace_4                            (abs)        000000
__Lstack                              stack        000000
__Lstruct                             struct       000000
__Ltemp                               temp         00005F
__Ltext                               text         000000
__Ltext0                              text0        000000
__Ltext1                              text1        000000
__Ltext10                             text10       000000
__Ltext11                             text11       000000
__Ltext12                             text12       000000
__Ltext13                             text13       000000
__Ltext14                             text14       000000
__Ltext15                             text15       000000
__Ltext16                             text16       000000
__Ltext17                             text17       000000
__Ltext18                             text18       000000
__Ltext19                             text19       000000
__Ltext2                              text2        000000
__Ltext20                             text20       000000
__Ltext21                             text21       000000
__Ltext22                             text22       000000
__Ltext23                             text23       000000
__Ltext24                             text24       000000
__Ltext25                             text25       000000
__Ltext26                             text26       000000
__Ltext27                             text27       000000
__Ltext28                             text28       000000
__Ltext29                             text29       000000
__Ltext3                              text3        000000
__Ltext30                             text30       000000
__Ltext31                             text31       000000
__Ltext32                             text32       000000
__Ltext33                             text33       000000
__Ltext34                             text34       000000
__Ltext35                             text35       000000
__Ltext36                             text36       000000
__Ltext37                             text37       000000
__Ltext38                             text38       000000
__Ltext39                             text39       000000
__Ltext4                              text4        000000
__Ltext40                             text40       000000
__Ltext41                             text41       000000
__Ltext42                             text42       000000
__Ltext43                             text43       000000
__Ltext44                             text44       000000
__Ltext45                             text45       000000
__Ltext46                             text46       000000
__Ltext47                             text47       000000
__Ltext48                             text48       000000
__Ltext49                             text49       000000
__Ltext5                              text5        000000
__Ltext50                             text50       000000
__Ltext51                             text51       000000
__Ltext52                             text52       000000
__Ltext53                             text53       000000
__Ltext54                             text54       000000
__Ltext55                             text55       000000
__Ltext6                              text6        000000
__Ltext7                              text7        000000
__Ltext8                              text8        000000
__Ltext9                              text9        000000
__S0                                  (abs)        004754
__S1                                  (abs)        000148
__S4                                  (abs)        000000
__S5                                  (abs)        000000
___aodiv                              text24       00335E
___aodiv@counter                      cstackCOMRAM 000011
___aodiv@dividend                     cstackCOMRAM 000001
___aodiv@divisor                      cstackCOMRAM 000009
___aodiv@quotient                     cstackCOMRAM 000013
___aodiv@sign                         cstackCOMRAM 000012
___aomod                              text23       0034E6
___aomod@counter                      cstackCOMRAM 000011
___aomod@dividend                     cstackCOMRAM 000001
___aomod@divisor                      cstackCOMRAM 000009
___aomod@sign                         cstackCOMRAM 000012
___awdiv                              text38       003EFE
___awdiv@counter                      cstackCOMRAM 000005
___awdiv@dividend                     cstackCOMRAM 000001
___awdiv@divisor                      cstackCOMRAM 000003
___awdiv@quotient                     cstackCOMRAM 000007
___awdiv@sign                         cstackCOMRAM 000006
___awmod                              text37       003FC2
___awmod@counter                      cstackCOMRAM 000005
___awmod@dividend                     cstackCOMRAM 000001
___awmod@divisor                      cstackCOMRAM 000003
___awmod@sign                         cstackCOMRAM 000006
___fladd                              text7        000DCA
___fladd@a                            cstackCOMRAM 000045
___fladd@aexp                         cstackCOMRAM 00004E
___fladd@b                            cstackCOMRAM 000041
___fladd@bexp                         cstackCOMRAM 00004F
___fladd@grs                          cstackCOMRAM 000050
___fladd@signs                        cstackCOMRAM 00004D
___fldiv                              text6        002340
___fldiv@a                            cstackCOMRAM 00002C
___fldiv@aexp                         cstackCOMRAM 000040
___fldiv@b                            cstackCOMRAM 000028
___fldiv@bexp                         cstackCOMRAM 00003F
___fldiv@grs                          cstackCOMRAM 00003B
___fldiv@new_exp                      cstackCOMRAM 000039
___fldiv@rem                          cstackCOMRAM 000034
___fldiv@sign                         cstackCOMRAM 000038
___flge                               text5        00399E
___flge@ff1                           cstackCOMRAM 000001
___flge@ff2                           cstackCOMRAM 000005
___flmul                              text4        001702
___flmul@a                            cstackCOMRAM 000013
___flmul@aexp                         cstackCOMRAM 000020
___flmul@b                            cstackCOMRAM 00000F
___flmul@bexp                         cstackCOMRAM 000021
___flmul@grs                          cstackCOMRAM 00001C
___flmul@prod                         cstackCOMRAM 000022
___flmul@sign                         cstackCOMRAM 00001B
___flmul@temp                         cstackCOMRAM 000026
___fltol                              text3        003898
___fltol@exp1                         cstackCOMRAM 00000A
___fltol@f1                           cstackCOMRAM 000001
___fltol@sign1                        cstackCOMRAM 000009
___heap_hi                            (abs)        000000
___heap_lo                            (abs)        000000
___inthi_sp                           stack        000000
___intlo_sp                           stack        000000
___lmul                               text52       0041E2
___lmul@multiplicand                  cstackCOMRAM 000005
___lmul@multiplier                    cstackCOMRAM 000001
___lmul@product                       cstackCOMRAM 000009
___param_bank                         (abs)        000000
___rparam_used                        (abs)        000001
___sp                                 stack        000000
___xxtofl                             text2        003014
___xxtofl@arg                         cstackCOMRAM 00000B
___xxtofl@exp                         cstackCOMRAM 00000A
___xxtofl@sign                        cstackCOMRAM 000009
___xxtofl@val                         cstackCOMRAM 000001
__accesstop                           (abs)        000060
__activetblptr                        (abs)        000002
__end_of_Action                       text53       003C86
__end_of_Active_Receiver_Interrupt    text55       004752
__end_of_Check                        text54       003784
__end_of_Compare                      text51       002DF2
__end_of_EEPROM_Read                  text50       004740
__end_of_EEPROM_Write                 text49       0045C0
__end_of_Flash                        text11       00431A
__end_of_I2C_Ack                      text30       00470C
__end_of_I2C_Init                     text35       0046E4
__end_of_I2C_Nack                     text29       0046F8
__end_of_I2C_Read                     text28       004558
__end_of_I2C_Ready                    text42       00471E
__end_of_I2C_Repeated_Start           text27       0045EE
__end_of_I2C_Start                    text40       00461C
__end_of_I2C_Stop                     text39       004680
__end_of_I2C_Write                    text41       004660
__end_of_ISR                          intcode_body 0046B6
__end_of_LCD_4bit_mode                text45       0041E2
__end_of_LCD_clear                    text47       0046CE
__end_of_LCD_cmd                      text48       004590
__end_of_LCD_cmd_High                 text46       00469C
__end_of_LCD_goto_xy                  text33       003E34
__end_of_LCD_init                     text44       004730
__end_of_LCD_write                    text32       004498
__end_of_LCD_write_string             text31       0040F0
__end_of_Push_Buttons_Init            text43       00474A
__end_of_RTC_Get_Date                 text26       0042B4
__end_of_RTC_Get_Time                 text25       0043BC
__end_of_RTC_Set_Date                 text36       003898
__end_of_RTC_Set_Time                 text34       003D5E
__end_of_Screen_Date_Time             text12       002BB2
__end_of_Screen_Device_1              text9        002340
__end_of_Screen_Device_2              text8        001F36
__end_of_Set_Time                     text10       000DCA
__end_of_USART_init                   text1        003B96
__end_of___aodiv                      text24       0034E6
__end_of___aomod                      text23       00364A
__end_of___awdiv                      text38       003FC2
__end_of___awmod                      text37       004072
__end_of___fladd                      text7        00128A
__end_of___fldiv                      text6        0026DA
__end_of___flge                       text5        003AA2
__end_of___flmul                      text4        001B2C
__end_of___fltol                      text3        00399E
__end_of___lmul                       text52       00424C
__end_of___xxtofl                     text2        0031C8
__end_of__initialization              cinit        004444
__end_of_abs                          text22       00451C
__end_of_dtoa                         text17       002958
__end_of_fputc                        text20       003EFE
__end_of_fputs                        text19       0044DC
__end_of_main                         text0        001702
__end_of_pad                          text18       00416A
__end_of_putch                        text21       004754
__end_of_sprintf                      text13       00436C
__end_of_vfpfcnvrt                    text15       003014
__end_of_vfprintf                     text14       00440A
__end_of_xtoa                         text16       00335E
__initialization                      cinit        00440A
__mediumconst                         mediumconst  000000
__pbssBANK0                           bssBANK0     000060
__pbssBANK1                           bssBANK1     000100
__pbssCOMRAM                          bssCOMRAM    00005E
__pcinit                              cinit        00440A
__pcstackBANK0                        cstackBANK0  0000DF
__pcstackCOMRAM                       cstackCOMRAM 000001
__pdataBANK0                          dataBANK0    0000BD
__pidataBANK0                         idataBANK0   00461C
__pintcode                            intcode      000008
__pintcode_body                       intcode_body 00469C
__pnvBANK0                            nvBANK0      0000F7
__psmallconst                         smallconst   000800
__ptext0                              text0        00128A
__ptext1                              text1        003AA2
__ptext10                             text10       000850
__ptext11                             text11       0042B4
__ptext12                             text12       002958
__ptext13                             text13       00431A
__ptext14                             text14       0043BC
__ptext15                             text15       002DF2
__ptext16                             text16       0031C8
__ptext17                             text17       0026DA
__ptext18                             text18       0040F0
__ptext19                             text19       004498
__ptext2                              text2        003014
__ptext20                             text20       003E34
__ptext21                             text21       004752
__ptext22                             text22       0044DC
__ptext23                             text23       0034E6
__ptext24                             text24       00335E
__ptext25                             text25       00436C
__ptext26                             text26       00424C
__ptext27                             text27       0045C0
__ptext28                             text28       00451C
__ptext29                             text29       0046E4
__ptext3                              text3        003898
__ptext30                             text30       0046F8
__ptext31                             text31       004072
__ptext32                             text32       004452
__ptext33                             text33       003D5E
__ptext34                             text34       003C86
__ptext35                             text35       0046CE
__ptext36                             text36       003784
__ptext37                             text37       003FC2
__ptext38                             text38       003EFE
__ptext39                             text39       004660
__ptext4                              text4        001702
__ptext40                             text40       0045EE
__ptext41                             text41       00463E
__ptext42                             text42       00470C
__ptext43                             text43       004740
__ptext44                             text44       00471E
__ptext45                             text45       00416A
__ptext46                             text46       004680
__ptext47                             text47       0046B6
__ptext48                             text48       004558
__ptext49                             text49       004590
__ptext5                              text5        00399E
__ptext50                             text50       004730
__ptext51                             text51       002BB2
__ptext52                             text52       0041E2
__ptext53                             text53       003B96
__ptext54                             text54       00364A
__ptext55                             text55       00474A
__ptext6                              text6        002340
__ptext7                              text7        000DCA
__ptext8                              text8        001B2C
__ptext9                              text9        001F36
__ramtop                              ramtop       000800
__smallconst                          smallconst   000800
_abs                                  text22       0044DC
_date                                 bssBANK1     000134
_dbuf                                 bssBANK1     000100
_dtoa                                 text17       0026DA
_dtoa$1333                            cstackCOMRAM 00002E
_flag                                 bssBANK0     00009D
_flags                                bssCOMRAM    00005E
_fputc                                text20       003E34
_fputs                                text19       004498
_hour2                                bssBANK0     0000B9
_hours                                bssBANK1     00013E
_main                                 text0        00128A
_mask                                 bssBANK0     000080
_min2                                 bssBANK0     00008C
_mins                                 bssBANK0     00009E
_month                                bssBANK1     00012A
_pad                                  text18       0040F0
_prec                                 bssBANK0     000092
_putch                                text21       004752
_rtc                                  bssBANK0     0000B2
_sec2                                 bssBANK0     000088
_secs                                 bssBANK0     0000A8
_sprintf                              text13       00431A
_time1                                dataBANK0    0000BF
_total                                bssBANK0     000084
_total1                               bssBANK0     000070
_total2                               bssBANK0     000060
_vfpfcnvrt                            text15       002DF2
_vfprintf                             text14       0043BC
_width                                bssBANK0     000090
_xtoa                                 text16       0031C8
_xtoa$1343                            cstackCOMRAM 000030
_year                                 bssBANK1     000120
abs@a                                 cstackCOMRAM 000013
btemp                                 temp         00005F
dtoa@d                                cstackCOMRAM 00001E
dtoa@fp                               cstackCOMRAM 00001C
dtoa@i                                cstackCOMRAM 00003C
dtoa@n                                cstackCOMRAM 000034
dtoa@p                                cstackCOMRAM 000030
dtoa@s                                cstackCOMRAM 00003E
dtoa@w                                cstackCOMRAM 000032
end_of_initialization                 cinit        004444
fputc@c                               cstackCOMRAM 000001
fputc@fp                              cstackCOMRAM 000003
fputs@c                               cstackCOMRAM 00000E
fputs@fp                              cstackCOMRAM 00000C
fputs@i                               cstackCOMRAM 00000F
fputs@s                               cstackCOMRAM 00000A
int$flags                             temp         00005F
int_func                              intcode_body 00469C
intlevel0                             text         000000
intlevel1                             text         000000
intlevel2                             text         000000
intlevel3                             text         000000
isa$std                               (abs)        000001
isa$xinst                             (abs)        000000
main@i                                cstackBANK0  0000F2
main@i_520                            cstackBANK0  0000F3
main@i_526                            cstackBANK0  0000F4
main@j                                cstackBANK0  0000F5
main@j_527                            cstackBANK0  0000F6
pad@buf                               cstackCOMRAM 000013
pad@fp                                cstackCOMRAM 000011
pad@i                                 cstackCOMRAM 000018
pad@p                                 cstackCOMRAM 000015
pad@w                                 cstackCOMRAM 00001A
sprintf@ap                            cstackBANK0  0000E5
sprintf@f                             cstackBANK0  0000E7
sprintf@fmt                           cstackBANK0  0000E1
sprintf@s                             cstackBANK0  0000DF
stackhi                               (abs)        000000
stacklo                               (abs)        000000
start                                 init         00000E
start_initialization                  cinit        00440A
ttemp5                                temp         000060
ttemp6                                temp         000063
ttemp7                                temp         000067
vfpfcnvrt@ap                          cstackCOMRAM 000043
vfpfcnvrt@convarg                     cstackCOMRAM 000049
vfpfcnvrt@cp                          cstackCOMRAM 000051
vfpfcnvrt@fmt                         cstackCOMRAM 000041
vfpfcnvrt@fp                          cstackCOMRAM 00003F
vfprintf@ap                           cstackCOMRAM 000057
vfprintf@cfmt                         cstackCOMRAM 000059
vfprintf@fmt                          cstackCOMRAM 000055
vfprintf@fp                           cstackCOMRAM 000053
wtemp8                                temp         000060
xtoa@c                                cstackCOMRAM 00003E
xtoa@d                                cstackCOMRAM 00001E
xtoa@fp                               cstackCOMRAM 00001C
xtoa@i                                cstackCOMRAM 00003C
xtoa@n                                cstackCOMRAM 000034
xtoa@p                                cstackCOMRAM 000032
xtoa@w                                cstackCOMRAM 00002E


MODULE INFORMATION

Module		Function		Class		Link	Load	Size
C:\Program Files\Microchip\xc8\v2.40\pic\sources\c99\common\sprcmul.c
		___flmul       		CODE           	1702	0000	1066

C:\Program Files\Microchip\xc8\v2.40\pic\sources\c99\common\sprcmul.c estimated size: 1066

C:\Program Files\Microchip\xc8\v2.40\pic\sources\c99\common\nf_fputc.c
		_fputc         		CODE           	3E34	0000	202

C:\Program Files\Microchip\xc8\v2.40\pic\sources\c99\common\nf_fputc.c estimated size: 202

C:\Program Files\Microchip\xc8\v2.40\pic\sources\c99\common\sprcdiv.c
		___fldiv       		CODE           	2340	0000	922

C:\Program Files\Microchip\xc8\v2.40\pic\sources\c99\common\sprcdiv.c estimated size: 922

LCD_Screens.c
		_Screen_Date_Time		CODE           	2958	0000	602
		_Screen_Device_1		CODE           	1F36	0000	1034
		_Screen_Device_2		CODE           	1B2C	0000	1034

LCD_Screens.c estimated size: 2670

C:\Program Files\Microchip\xc8\v2.40\pic\sources\c99\common\nf_sprintf.c
		_sprintf       		CODE           	431A	0000	82

C:\Program Files\Microchip\xc8\v2.40\pic\sources\c99\common\nf_sprintf.c estimated size: 82

C:\Program Files\Microchip\xc8\v2.40\pic\sources\c99\common\awdiv.c
		___awdiv       		CODE           	3EFE	0000	196

C:\Program Files\Microchip\xc8\v2.40\pic\sources\c99\common\awdiv.c estimated size: 196

C:\Program Files\Microchip\xc8\v2.40\pic\sources\c99\common\fltol.c
		___fltol       		CODE           	3898	0000	262

C:\Program Files\Microchip\xc8\v2.40\pic\sources\c99\common\fltol.c estimated size: 262

RTC_Driver.c
		_RTC_Get_Date  		CODE           	424C	0000	104
		_RTC_Get_Time  		CODE           	436C	0000	80
		_RTC_Set_Date  		CODE           	3784	0000	276
		_RTC_Set_Time  		CODE           	3C86	0000	216

RTC_Driver.c estimated size: 676

C:\Program Files\Microchip\xc8\v2.40\pic\sources\c99\common\abs.c
		_abs           		CODE           	44DC	0000	64

C:\Program Files\Microchip\xc8\v2.40\pic\sources\c99\common\abs.c estimated size: 64

Push_Buttons.c
		_Push_Buttons_Init		CODE           	4740	0000	10

Push_Buttons.c estimated size: 10

App_Functions.c
		_Flash         		CODE           	42B4	0000	102
		_Check         		CODE           	364A	0000	314
		_Action        		CODE           	3B96	0000	240
		_Set_Time      		CODE           	0850	0000	1402
		_Compare       		CODE           	2BB2	0000	576

App_Functions.c estimated size: 2634

UART_Driver.c
		_Active_Receiver_Interrupt		CODE           	474A	0000	8
		_USART_init    		CODE           	3AA2	0000	244

UART_Driver.c estimated size: 252

C:\Program Files\Microchip\xc8\v2.40\pic\sources\c99\common\sprcadd.c
		___fladd       		CODE           	0DCA	0000	1216

C:\Program Files\Microchip\xc8\v2.40\pic\sources\c99\common\sprcadd.c estimated size: 1216

C:\Program Files\Microchip\xc8\v2.40\pic\sources\c99\common\Umul32.c
		___lmul        		CODE           	41E2	0000	106

C:\Program Files\Microchip\xc8\v2.40\pic\sources\c99\common\Umul32.c estimated size: 106

C:\Program Files\Microchip\xc8\v2.40\pic\sources\c99\common\xxtofl.c
		___xxtofl      		CODE           	3014	0000	436

C:\Program Files\Microchip\xc8\v2.40\pic\sources\c99\common\xxtofl.c estimated size: 436

C:\Program Files\Microchip\xc8\v2.40\pic\sources\c99\common\nf_fputs.c
		_fputs         		CODE           	4498	0000	68

C:\Program Files\Microchip\xc8\v2.40\pic\sources\c99\common\nf_fputs.c estimated size: 68

C:\Program Files\Microchip\xc8\v2.40\pic\sources\c99\common\aomod.c
		___aomod       		CODE           	34E6	0000	356

C:\Program Files\Microchip\xc8\v2.40\pic\sources\c99\common\aomod.c estimated size: 356

shared
		__initialization		CODE           	440A	0000	58

shared estimated size: 58

C:\Program Files\Microchip\xc8\v2.40\pic\sources\c99\common\flge.c
		___flge        		CODE           	399E	0000	260

C:\Program Files\Microchip\xc8\v2.40\pic\sources\c99\common\flge.c estimated size: 260

LCD_Driver.c
		_LCD_clear     		CODE           	46B6	0000	24
		_LCD_goto_xy   		CODE           	3D5E	0000	214
		_LCD_write     		CODE           	4452	0000	70
		_LCD_4bit_mode 		CODE           	416A	0000	120
		_LCD_write_string		CODE           	4072	0000	126
		_LCD_init      		CODE           	471E	0000	18
		_LCD_cmd       		CODE           	4558	0000	56
		_LCD_cmd_High  		CODE           	4680	0000	28

LCD_Driver.c estimated size: 656

C:\Program Files\Microchip\xc8\v2.40\pic\sources\c99\common\awmod.c
		___awmod       		CODE           	3FC2	0000	176

C:\Program Files\Microchip\xc8\v2.40\pic\sources\c99\common\awmod.c estimated size: 176

EEPROM_Driver.c
		_EEPROM_Read   		CODE           	4730	0000	16
		_EEPROM_Write  		CODE           	4590	0000	48

EEPROM_Driver.c estimated size: 64

C:\Program Files\Microchip\xc8\v2.40\pic\sources\c99\common\putch.c
		_putch         		CODE           	4752	0000	2

C:\Program Files\Microchip\xc8\v2.40\pic\sources\c99\common\putch.c estimated size: 2

C:\Program Files\Microchip\xc8\v2.40\pic\sources\c99\common\doprnt.c
		_vfpfcnvrt     		CODE           	2DF2	0000	546
		_pad           		CODE           	40F0	0000	122
		_dtoa          		CODE           	26DA	0000	638
		_vfprintf      		CODE           	43BC	0000	78
		_xtoa          		CODE           	31C8	0000	406

C:\Program Files\Microchip\xc8\v2.40\pic\sources\c99\common\doprnt.c estimated size: 1790

I2C_Driver.c
		_I2C_Write     		CODE           	463E	0000	34
		_I2C_Stop      		CODE           	4660	0000	32
		_I2C_Read      		CODE           	451C	0000	60
		_I2C_Ready     		CODE           	470C	0000	18
		_I2C_Init      		CODE           	46CE	0000	22
		_I2C_Repeated_Start		CODE           	45C0	0000	46
		_I2C_Ack       		CODE           	46F8	0000	20
		_I2C_Nack      		CODE           	46E4	0000	20
		_I2C_Start     		CODE           	45EE	0000	46

I2C_Driver.c estimated size: 298

main.c
		_ISR           		CODE           	0008	0000	32
		_main          		CODE           	128A	0000	1144

main.c estimated size: 1176

C:\Program Files\Microchip\xc8\v2.40\pic\sources\c99\common\aodiv.c
		___aodiv       		CODE           	335E	0000	392

C:\Program Files\Microchip\xc8\v2.40\pic\sources\c99\common\aodiv.c estimated size: 392

