Microchip MPLAB XC8 Compiler V2.40

Linker command line:

-W-3 \
  --edf=C:\Program Files\Microchip\xc8\v2.40\pic\dat\20220703182018_en.msgs \
  -cn -h+dist/default/production\PIC18_RTC_LCD.X.production.sym \
  --cmf=dist/default/production\PIC18_RTC_LCD.X.production.cmf -z -Q18F4550 \
  -oC:\Users\mahmo\AppData\Local\Temp\xcAs9fo.4 --defsym=__MPLAB_BUILD=1 \
  --fixupoverflow=error \
  -Mdist/default/production/PIC18_RTC_LCD.X.production.map \
  --md=C:\Users\mahmo\AppData\Local\Temp\xcAs9fo.dat -E1 -ver=XC8 Compiler \
  --acfsm=1493 -ACODE=00h-07FFFh -ACONST=00h-07FFFh \
  -ASMALLCONST=0800h-08FFhx120 -AMEDIUMCONST=0800h-07FFFh -ACOMRAM=01h-05Fh \
  -AABS1=00h-07FFh -ABIGRAM=01h-07FFh -ARAM=060h-0FFh,0100h-01FFhx7 \
  -ABANK0=060h-0FFh -ABANK1=0100h-01FFh -ABANK2=0200h-02FFh \
  -ABANK3=0300h-03FFh -ABANK4=0400h-04FFh -ABANK5=0500h-05FFh \
  -ABANK6=0600h-06FFh -ABANK7=0700h-07FFh -ASFR=0F60h-0FFFh \
  -ABIGSFR=0F60h-0FFFh -ACONFIG=0300000h-030000Dh -AIDLOC=0200000h-0200007h \
  -AEEDATA=0F00000h-0F000FFh -peeprom_data=EEDATA \
  -preset_vec=00h,intcode=08h,intcodelo,powerup,init -pramtop=0800h \
  -psmallconst=SMALLCONST -pmediumconst=MEDIUMCONST -pconst=CONST \
  -AFARRAM=00h-00h \
  -prdata=COMRAM,nvrram=COMRAM,nvbit=COMRAM,rbss=COMRAM,rbit=COMRAM \
  -pfarbss=FARRAM,fardata=FARRAM,nvFARRAM=FARRAM \
  -pintsave_regs=BIGRAM,bigbss=BIGRAM,bigdata=BIGRAM -pbss=RAM \
  -pidata=CODE,irdata=CODE,ibigdata=CODE,ifardata=CODE -prparam=COMRAM \
  C:\Users\mahmo\AppData\Local\Temp\xcAs9fo.o \
  dist/default/production\PIC18_RTC_LCD.X.production.o 

Object code version is 3.11

Machine type is 18F4550



                Name                               Link     Load   Length Selector   Space Scale
C:\Users\mahmo\AppData\Local\Temp\xcAs9fo.o
                idloc                            200000   200000        8        0       5
                config                           300000   300000        E        0       4
                init                                  E        E        4        4       0
                reset_vec                             0        0        4        0       0
dist/default/production\PIC18_RTC_LCD.X.production.o
                intcode                               8        8        6        4       0
                idloc                            200000   200000        8        0       5
                config                           300000   300000        E        0       4
                temp                                 5F       5F        1        1       1
                smallconst                          800      800       50      400       0
                intcode_body                       46A4     46A4       1A      428       0
                text55                             4752     4752        8      428       0
                text54                             3652     3652      13A      428       0
                text53                             3B9E     3B9E       F0      428       0
                text52                             41EA     41EA       6A      428       0
                text51                             2BBA     2BBA      240      428       0
                text50                             4738     4738       10      428       0
                text49                             4598     4598       30      428       0
                text48                             4560     4560       38      428       0
                text47                             46BE     46BE       18      428       0
                text46                             4688     4688       1C      428       0
                text45                             4172     4172       78      428       0
                text44                             4726     4726       12      428       0
                text43                             4748     4748        A      428       0
                text42                             4714     4714       12      428       0
                text41                             4646     4646       22      428       0
                text40                             45F6     45F6       2E      428       0
                text39                             4668     4668       20      428       0
                text38                             3F06     3F06       C4      428       0
                text37                             3FCA     3FCA       B0      428       0
                text36                             378C     378C      114      428       0
                text35                             46D6     46D6       16      428       0
                text34                             3C8E     3C8E       D8      428       0
                text33                             3D66     3D66       D6      428       0
                text32                             445A     445A       46      428       0
                text31                             407A     407A       7E      428       0
                text30                             4700     4700       14      428       0
                text29                             46EC     46EC       14      428       0
                text28                             4524     4524       3C      428       0
                text27                             45C8     45C8       2E      428       0
                text26                             4254     4254       68      428       0
                text25                             4374     4374       50      428       0
                text24                             3366     3366      188      428       0
                text23                             34EE     34EE      164      428       0
                text22                             44E4     44E4       40      428       0
                text21                             475A     475A        2      428       0
                text20                             3E3C     3E3C       CA      428       0
                text19                             44A0     44A0       44      428       0
                text18                             40F8     40F8       7A      428       0
                text17                             26E2     26E2      27E      428       0
                text16                             31D0     31D0      196      428       0
                text15                             2DFA     2DFA      222      428       0
                text14                             43C4     43C4       4E      428       0
                text13                             4322     4322       52      428       0
                text12                             2960     2960      25A      428       0
                text11                             42BC     42BC       66      428       0
                text10                              850      850      57A      428       0
                text9                              1F3E     1F3E      40A      428       0
                text8                              1B34     1B34      40A      428       0
                text7                               DCA      DCA      4C0      428       0
                text6                              2348     2348      39A      428       0
                text5                              39A6     39A6      104      428       0
                text4                              170A     170A      42A      428       0
                text3                              38A0     38A0      106      428       0
                text2                              301C     301C      1B4      428       0
                text1                              3AAA     3AAA       F4      428       0
                text0                              128A     128A      480      428       0
                cstackCOMRAM                          1        1       5D        1       1
                cstackBANK0                          E0       E0       18       60       1
                bssBANK1                            100      100       48      100       1
                dataBANK0                            BE       BE       22       60       1
                bssBANK0                             60       60       5E       60       1
                bssCOMRAM                            5E       5E        1        1       1
                cinit                              4412     4412       48      428       0
                nvBANK0                              F8       F8        1       60       1
                idataBANK0                         4624     4624       22      428       0

TOTAL           Name                               Link     Load   Length     Space
        CLASS   CODE           
                intcode                               8        8        6         0
                init                                  E        E        4         0
                reset_vec                             0        0        4         0
                intcode_body                       46A4     46A4       1A         0
                text55                             4752     4752        8         0
                text54                             3652     3652      13A         0
                text53                             3B9E     3B9E       F0         0
                text52                             41EA     41EA       6A         0
                text51                             2BBA     2BBA      240         0
                text50                             4738     4738       10         0
                text49                             4598     4598       30         0
                text48                             4560     4560       38         0
                text47                             46BE     46BE       18         0
                text46                             4688     4688       1C         0
                text45                             4172     4172       78         0
                text44                             4726     4726       12         0
                text43                             4748     4748        A         0
                text42                             4714     4714       12         0
                text41                             4646     4646       22         0
                text40                             45F6     45F6       2E         0
                text39                             4668     4668       20         0
                text38                             3F06     3F06       C4         0
                text37                             3FCA     3FCA       B0         0
                text36                             378C     378C      114         0
                text35                             46D6     46D6       16         0
                text34                             3C8E     3C8E       D8         0
                text33                             3D66     3D66       D6         0
                text32                             445A     445A       46         0
                text31                             407A     407A       7E         0
                text30                             4700     4700       14         0
                text29                             46EC     46EC       14         0
                text28                             4524     4524       3C         0
                text27                             45C8     45C8       2E         0
                text26                             4254     4254       68         0
                text25                             4374     4374       50         0
                text24                             3366     3366      188         0
                text23                             34EE     34EE      164         0
                text22                             44E4     44E4       40         0
                text21                             475A     475A        2         0
                text20                             3E3C     3E3C       CA         0
                text19                             44A0     44A0       44         0
                text18                             40F8     40F8       7A         0
                text17                             26E2     26E2      27E         0
                text16                             31D0     31D0      196         0
                text15                             2DFA     2DFA      222         0
                text14                             43C4     43C4       4E         0
                text13                             4322     4322       52         0
                text12                             2960     2960      25A         0
                text11                             42BC     42BC       66         0
                text10                              850      850      57A         0
                text9                              1F3E     1F3E      40A         0
                text8                              1B34     1B34      40A         0
                text7                               DCA      DCA      4C0         0
                text6                              2348     2348      39A         0
                text5                              39A6     39A6      104         0
                text4                              170A     170A      42A         0
                text3                              38A0     38A0      106         0
                text2                              301C     301C      1B4         0
                text1                              3AAA     3AAA       F4         0
                text0                              128A     128A      480         0
                cinit                              4412     4412       48         0
                idataBANK0                         4624     4624       22         0

        CLASS   CONST          

        CLASS   SMALLCONST     
                smallconst                          800      800       50         0

        CLASS   MEDIUMCONST    

        CLASS   COMRAM         
                temp                                 5F       5F        1         1
                cstackCOMRAM                          1        1       5D         1
                bssCOMRAM                            5E       5E        1         1

        CLASS   ABS1           

        CLASS   BIGRAM         

        CLASS   RAM            

        CLASS   BANK0          
                cstackBANK0                          E0       E0       18         1
                dataBANK0                            BE       BE       22         1
                bssBANK0                             60       60       5E         1
                nvBANK0                              F8       F8        1         1

        CLASS   BANK1          
                bssBANK1                            100      100       48         1

        CLASS   BANK2          

        CLASS   BANK3          

        CLASS   BANK4          

        CLASS   BANK5          

        CLASS   BANK6          

        CLASS   BANK7          

        CLASS   SFR            

        CLASS   BIGSFR         

        CLASS   CONFIG         
                config                           300000   300000        E         4

        CLASS   IDLOC          
                idloc                            200000   200000        8         5

        CLASS   EEDATA         

        CLASS   FARRAM         

        CLASS   HEAP           

        CLASS   STACK          



SEGMENTS        Name                           Load    Length   Top    Selector   Space  Class

                reset_vec                      000000  000004  000004         0       0  CODE    
                cstackCOMRAM                   000001  00005F  000060         1       1  COMRAM  
                intcode                        000008  00000A  000012         4       0  CODE    
                bssBANK0                       000060  000099  0000F9        60       1  BANK0   
                bssBANK1                       000100  000048  000148       100       1  BANK1   
                smallconst                     000800  000050  000850       400       0  SMALLCON
                text10                         000850  003F0C  00475C       428       0  CODE    


UNUSED ADDRESS RANGES

        Name                Unused          Largest block    Delta
        BANK0            0000F9-0000FF                7
        BANK1            000148-0001FF               B8
        BANK2            000200-0002FF              100
        BANK3            000300-0003FF              100
        BANK4            000400-0004FF              100
        BANK5            000500-0005FF              100
        BANK6            000600-0006FF              100
        BANK7            000700-0007FF              100
        BIGRAM           0000F9-0000FF                7
                         000148-0007FF              6B8
        BIGSFR           000F60-000FFF               A0
        CODE             000004-000007                4
                         000012-0007FF              7EE
                         00475C-007FFF             38A4
        CONST            000004-000007                4
                         000012-0007FF              7EE
                         00475C-007FFF             38A4
        EEDATA           F00000-F000FF              100
        MEDIUMCONST      00475C-007FFF             38A4
        RAM              0000F9-0000FF                7
                         000148-0007FF              100
        SFR              000F60-000FFF               A0
        SMALLCONST       00475C-007FFF              100

                                  Symbol Table

?___aodiv                             cstackCOMRAM 000001
?___aomod                             cstackCOMRAM 000001
?___awdiv                             cstackCOMRAM 000001
?___awmod                             cstackCOMRAM 000001
?___fladd                             cstackCOMRAM 000041
?___fldiv                             cstackCOMRAM 000028
?___flmul                             cstackCOMRAM 00000F
?___fltol                             cstackCOMRAM 000001
?___lmul                              cstackCOMRAM 000001
?___xxtofl                            cstackCOMRAM 000001
?_abs                                 cstackCOMRAM 000013
?_sprintf                             cstackBANK0  0000E0
?_vfprintf                            cstackCOMRAM 000053
Check@Num                             cstackCOMRAM 000001
Compare@Num1                          cstackCOMRAM 00000D
Compare@Num2                          cstackCOMRAM 00000F
EEPROM_Read@address                   cstackCOMRAM 000001
EEPROM_Write@address                  cstackCOMRAM 000002
EEPROM_Write@data                     cstackCOMRAM 000001
Flash@PlaceN                          cstackCOMRAM 00000D
Flash@inc                             cstackCOMRAM 00000B
I2C_Read@buffer                       cstackCOMRAM 000002
I2C_Read@flag                         cstackCOMRAM 000001
I2C_Repeated_Start@slave_read_address cstackCOMRAM 000002
I2C_Start@slave_write_address         cstackCOMRAM 000002
I2C_Write@data                        cstackCOMRAM 000001
LCD_cmd@cmd                           cstackCOMRAM 000001
LCD_cmd_High@cmd                      cstackCOMRAM 000001
LCD_goto_xy@i                         cstackCOMRAM 000007
LCD_goto_xy@i_52                      cstackCOMRAM 000009
LCD_goto_xy@x                         cstackCOMRAM 000002
LCD_goto_xy@y                         cstackCOMRAM 000004
LCD_write@data                        cstackCOMRAM 000002
LCD_write_string@i                    cstackCOMRAM 000007
LCD_write_string@str                  cstackCOMRAM 000003
RTC_Get_Date@RTC                      cstackCOMRAM 000004
RTC_Get_Time@RTC                      cstackCOMRAM 000004
RTC_Set_Date@date                     cstackCOMRAM 000009
RTC_Set_Date@day                      cstackCOMRAM 00000E
RTC_Set_Date@month                    cstackCOMRAM 00000A
RTC_Set_Date@year                     cstackCOMRAM 00000B
RTC_Set_Time@hour                     cstackCOMRAM 00000A
RTC_Set_Time@min                      cstackCOMRAM 000009
RTC_Set_Time@sec                      cstackCOMRAM 00000D
Screen_Device_1@i                     cstackCOMRAM 000012
Screen_Device_1@i_153                 cstackCOMRAM 000014
Screen_Device_2@i                     cstackCOMRAM 000012
Screen_Device_2@i_158                 cstackCOMRAM 000014
Set_Time@Num                          cstackCOMRAM 000001
Set_Time@Place                        cstackCOMRAM 000003
USART_init@baud_rate                  cstackCOMRAM 000051
USART_init@temp                       cstackCOMRAM 000055
_ACKDT                                (abs)        007E2D
_ACKEN                                (abs)        007E2C
_ACKSTAT                              (abs)        007E2E
_Action                               text53       003B9E
_Active_Receiver_Interrupt            text55       004752
_BRGH                                 (abs)        007D62
_CREN                                 (abs)        007D5C
_Check                                text54       003652
_Compare                              text51       002BBA
_Destination                          bssBANK0     00009C
_EEADR                                (abs)        000FA9
_EECON1bits                           (abs)        000FA6
_EECON2                               (abs)        000FA7
_EEDATA                               (abs)        000FA8
_EEPROM_Read                          text50       004738
_EEPROM_Write                         text49       004598
_Flash                                text11       0042BC
_GIE                                  (abs)        007F97
_I2C_Ack                              text30       004700
_I2C_Init                             text35       0046D6
_I2C_Nack                             text29       0046EC
_I2C_Read                             text28       004524
_I2C_Ready                            text42       004714
_I2C_Repeated_Start                   text27       0045C8
_I2C_Start                            text40       0045F6
_I2C_Stop                             text39       004668
_I2C_Write                            text41       004646
_INTCONbits                           (abs)        000FF2
_ISR                                  intcode      000008
_LCD_4bit_mode                        text45       004172
_LCD_clear                            text47       0046BE
_LCD_cmd                              text48       004560
_LCD_cmd_High                         text46       004688
_LCD_goto_xy                          text33       003D66
_LCD_init                             text44       004726
_LCD_write                            text32       00445A
_LCD_write_string                     text31       00407A
_PEIE                                 (abs)        007F96
_PEN                                  (abs)        007E2A
_PIR2bits                             (abs)        000FA1
_PORTB                                (abs)        000F81
_PORTD                                (abs)        000F83
_Place1                               bssBANK0     00009A
_Place2                               bssBANK0     000098
_Place3                               bssBANK0     000096
_Place4                               bssBANK0     000094
_Push_Buttons_Init                    text43       004748
_RCEN                                 (abs)        007E2B
_RCIE                                 (abs)        007CED
_RCIF                                 (abs)        007CF5
_RCREG                                (abs)        000FAE
_RCSTA                                (abs)        000FAB
_RCSTAbits                            (abs)        000FAB
_RSEN                                 (abs)        007E29
_RTC                                  dataBANK0    0000BE
_RTC_Get_Date                         text26       004254
_RTC_Get_Time                         text25       004374
_RTC_Set_Date                         text36       00378C
_RTC_Set_Time                         text34       003C8E
_SPBRG                                (abs)        000FAF
_SPEN                                 (abs)        007D5F
_SSPADD                               (abs)        000FC8
_SSPBUF                               (abs)        000FC9
_SSPCON1                              (abs)        000FC6
_SSPCON2                              (abs)        000FC5
_SSPCON2bits                          (abs)        000FC5
_SSPIF                                (abs)        007CF3
_SSPSTAT                              (abs)        000FC7
_SSPSTATbits                          (abs)        000FC7
_SYNC                                 (abs)        007D64
_Screen_Date_Time                     text12       002960
_Screen_Device_1                      text9        001F3E
_Screen_Device_2                      text8        001B34
_Screen_Num                           nvBANK0      0000F8
_Set_Time                             text10       000850
_TRISB                                (abs)        000F93
_TRISB0                               (abs)        007C98
_TRISB1                               (abs)        007C99
_TRISC6                               (abs)        007CA6
_TRISC7                               (abs)        007CA7
_TRISD                                (abs)        000F95
_TXEN                                 (abs)        007D65
_TXIF                                 (abs)        007CF4
_TXREG                                (abs)        000FAD
_TXSTA                                (abs)        000FAC
_USART_init                           text1        003AAA
__HRAM                                (abs)        000000
__Habs1                               abs1         000000
__Hbank0                              bank0        000000
__Hbank1                              bank1        000000
__Hbank2                              bank2        000000
__Hbank3                              bank3        000000
__Hbank4                              bank4        000000
__Hbank5                              bank5        000000
__Hbank6                              bank6        000000
__Hbank7                              bank7        000000
__Hbigbss                             bigbss       000000
__Hbigdata                            bigdata      000000
__Hbigram                             bigram       000000
__Hbigsfr                             bigsfr       000000
__Hbss                                bss          000000
__HbssBANK0                           bssBANK0     000000
__HbssBANK1                           bssBANK1     000000
__HbssCOMRAM                          bssCOMRAM    000000
__Hcinit                              cinit        000000
__Hclrtext                            clrtext      000000
__Hcomram                             comram       000000
__Hconfig                             config       30000E
__Hconst                              const        000000
__HcstackBANK0                        cstackBANK0  000000
__HcstackCOMRAM                       cstackCOMRAM 000000
__Hdata                               data         000000
__HdataBANK0                          dataBANK0    000000
__Heeprom_data                        eeprom_data  000000
__Hfarbss                             farbss       000000
__Hfardata                            fardata      000000
__Hheap                               heap         000000
__Hibigdata                           ibigdata     000000
__Hidata                              idata        000000
__HidataBANK0                         idataBANK0   000000
__Hidloc                              idloc        200008
__Hifardata                           ifardata     000000
__Hinit                               init         000012
__Hintcode                            intcode      00000E
__Hintcode_body                       intcode_body 000000
__Hintcodelo                          intcodelo    00000E
__Hintentry                           intentry     000000
__Hintret                             intret       000000
__Hintsave_regs                       intsave_regs 000000
__Hirdata                             irdata       000000
__Hmediumconst                        mediumconst  000000
__HnvBANK0                            nvBANK0      000000
__HnvFARRAM                           nvFARRAM     000000
__Hnvbit                              nvbit        000000
__Hnvrram                             nvrram       000000
__Hparam                              rparam       000000
__Hpowerup                            powerup      00000E
__Hram                                ram          000000
__Hramtop                             ramtop       000800
__Hrbit                               rbit         000000
__Hrbss                               rbss         000000
__Hrdata                              rdata        000000
__Hreset_vec                          reset_vec    000004
__Hrparam                             rparam       000000
__Hsfr                                sfr          000000
__Hsmallconst                         smallconst   000850
__Hspace_0                            (abs)        00475C
__Hspace_1                            (abs)        000148
__Hspace_2                            (abs)        000000
__Hspace_4                            (abs)        60000E
__Hstack                              stack        000000
__Hstruct                             struct       000000
__Htemp                               temp         000060
__Htext                               text         000000
__Htext0                              text0        000000
__Htext1                              text1        000000
__Htext10                             text10       000000
__Htext11                             text11       000000
__Htext12                             text12       000000
__Htext13                             text13       000000
__Htext14                             text14       000000
__Htext15                             text15       000000
__Htext16                             text16       000000
__Htext17                             text17       000000
__Htext18                             text18       000000
__Htext19                             text19       000000
__Htext2                              text2        000000
__Htext20                             text20       000000
__Htext21                             text21       000000
__Htext22                             text22       000000
__Htext23                             text23       000000
__Htext24                             text24       000000
__Htext25                             text25       000000
__Htext26                             text26       000000
__Htext27                             text27       000000
__Htext28                             text28       000000
__Htext29                             text29       000000
__Htext3                              text3        000000
__Htext30                             text30       000000
__Htext31                             text31       000000
__Htext32                             text32       000000
__Htext33                             text33       000000
__Htext34                             text34       000000
__Htext35                             text35       000000
__Htext36                             text36       000000
__Htext37                             text37       000000
__Htext38                             text38       000000
__Htext39                             text39       000000
__Htext4                              text4        000000
__Htext40                             text40       000000
__Htext41                             text41       000000
__Htext42                             text42       000000
__Htext43                             text43       000000
__Htext44                             text44       000000
__Htext45                             text45       000000
__Htext46                             text46       000000
__Htext47                             text47       000000
__Htext48                             text48       000000
__Htext49                             text49       000000
__Htext5                              text5        000000
__Htext50                             text50       000000
__Htext51                             text51       000000
__Htext52                             text52       000000
__Htext53                             text53       000000
__Htext54                             text54       000000
__Htext55                             text55       000000
__Htext6                              text6        000000
__Htext7                              text7        000000
__Htext8                              text8        000000
__Htext9                              text9        000000
__LRAM                                (abs)        000001
__Labs1                               abs1         000000
__Lbank0                              bank0        000000
__Lbank1                              bank1        000000
__Lbank2                              bank2        000000
__Lbank3                              bank3        000000
__Lbank4                              bank4        000000
__Lbank5                              bank5        000000
__Lbank6                              bank6        000000
__Lbank7                              bank7        000000
__Lbigbss                             bigbss       000000
__Lbigdata                            bigdata      000000
__Lbigram                             bigram       000000
__Lbigsfr                             bigsfr       000000
__Lbss                                bss          000000
__LbssBANK0                           bssBANK0     000000
__LbssBANK1                           bssBANK1     000000
__LbssCOMRAM                          bssCOMRAM    000000
__Lcinit                              cinit        000000
__Lclrtext                            clrtext      000000
__Lcomram                             comram       000000
__Lconfig                             config       000000
__Lconst                              const        000000
__LcstackBANK0                        cstackBANK0  000000
__LcstackCOMRAM                       cstackCOMRAM 000000
__Ldata                               data         000000
__LdataBANK0                          dataBANK0    000000
__Leeprom_data                        eeprom_data  000000
__Lfarbss                             farbss       000000
__Lfardata                            fardata      000000
__Lheap                               heap         000000
__Libigdata                           ibigdata     000000
__Lidata                              idata        000000
__LidataBANK0                         idataBANK0   000000
__Lidloc                              idloc        000000
__Lifardata                           ifardata     000000
__Linit                               init         00000E
__Lintcode                            intcode      000008
__Lintcode_body                       intcode_body 000000
__Lintcodelo                          intcodelo    00000E
__Lintentry                           intentry     000000
__Lintret                             intret       000000
__Lintsave_regs                       intsave_regs 000000
__Lirdata                             irdata       000000
__Lmediumconst                        mediumconst  000000
__LnvBANK0                            nvBANK0      000000
__LnvFARRAM                           nvFARRAM     000000
__Lnvbit                              nvbit        000000
__Lnvrram                             nvrram       000000
__Lparam                              rparam       000000
__Lpowerup                            powerup      00000E
__Lram                                ram          000000
__Lramtop                             ramtop       000800
__Lrbit                               rbit         000000
__Lrbss                               rbss         000000
__Lrdata                              rdata        000000
__Lreset_vec                          reset_vec    000000
__Lrparam                             rparam       000000
__Lsfr                                sfr          000000
__Lsmallconst                         smallconst   000800
__Lspace_0                            (abs)        000000
__Lspace_1                            (abs)        000000
__Lspace_2                            (abs)        000000
__Lspace_4                            (abs)        000000
__Lstack                              stack        000000
__Lstruct                             struct       000000
__Ltemp                               temp         00005F
__Ltext                               text         000000
__Ltext0                              text0        000000
__Ltext1                              text1        000000
__Ltext10                             text10       000000
__Ltext11                             text11       000000
__Ltext12                             text12       000000
__Ltext13                             text13       000000
__Ltext14                             text14       000000
__Ltext15                             text15       000000
__Ltext16                             text16       000000
__Ltext17                             text17       000000
__Ltext18                             text18       000000
__Ltext19                             text19       000000
__Ltext2                              text2        000000
__Ltext20                             text20       000000
__Ltext21                             text21       000000
__Ltext22                             text22       000000
__Ltext23                             text23       000000
__Ltext24                             text24       000000
__Ltext25                             text25       000000
__Ltext26                             text26       000000
__Ltext27                             text27       000000
__Ltext28                             text28       000000
__Ltext29                             text29       000000
__Ltext3                              text3        000000
__Ltext30                             text30       000000
__Ltext31                             text31       000000
__Ltext32                             text32       000000
__Ltext33                             text33       000000
__Ltext34                             text34       000000
__Ltext35                             text35       000000
__Ltext36                             text36       000000
__Ltext37                             text37       000000
__Ltext38                             text38       000000
__Ltext39                             text39       000000
__Ltext4                              text4        000000
__Ltext40                             text40       000000
__Ltext41                             text41       000000
__Ltext42                             text42       000000
__Ltext43                             text43       000000
__Ltext44                             text44       000000
__Ltext45                             text45       000000
__Ltext46                             text46       000000
__Ltext47                             text47       000000
__Ltext48                             text48       000000
__Ltext49                             text49       000000
__Ltext5                              text5        000000
__Ltext50                             text50       000000
__Ltext51                             text51       000000
__Ltext52                             text52       000000
__Ltext53                             text53       000000
__Ltext54                             text54       000000
__Ltext55                             text55       000000
__Ltext6                              text6        000000
__Ltext7                              text7        000000
__Ltext8                              text8        000000
__Ltext9                              text9        000000
__S0                                  (abs)        00475C
__S1                                  (abs)        000148
__S4                                  (abs)        000000
__S5                                  (abs)        000000
___aodiv                              text24       003366
___aodiv@counter                      cstackCOMRAM 000011
___aodiv@dividend                     cstackCOMRAM 000001
___aodiv@divisor                      cstackCOMRAM 000009
___aodiv@quotient                     cstackCOMRAM 000013
___aodiv@sign                         cstackCOMRAM 000012
___aomod                              text23       0034EE
___aomod@counter                      cstackCOMRAM 000011
___aomod@dividend                     cstackCOMRAM 000001
___aomod@divisor                      cstackCOMRAM 000009
___aomod@sign                         cstackCOMRAM 000012
___awdiv                              text38       003F06
___awdiv@counter                      cstackCOMRAM 000005
___awdiv@dividend                     cstackCOMRAM 000001
___awdiv@divisor                      cstackCOMRAM 000003
___awdiv@quotient                     cstackCOMRAM 000007
___awdiv@sign                         cstackCOMRAM 000006
___awmod                              text37       003FCA
___awmod@counter                      cstackCOMRAM 000005
___awmod@dividend                     cstackCOMRAM 000001
___awmod@divisor                      cstackCOMRAM 000003
___awmod@sign                         cstackCOMRAM 000006
___fladd                              text7        000DCA
___fladd@a                            cstackCOMRAM 000045
___fladd@aexp                         cstackCOMRAM 00004E
___fladd@b                            cstackCOMRAM 000041
___fladd@bexp                         cstackCOMRAM 00004F
___fladd@grs                          cstackCOMRAM 000050
___fladd@signs                        cstackCOMRAM 00004D
___fldiv                              text6        002348
___fldiv@a                            cstackCOMRAM 00002C
___fldiv@aexp                         cstackCOMRAM 000040
___fldiv@b                            cstackCOMRAM 000028
___fldiv@bexp                         cstackCOMRAM 00003F
___fldiv@grs                          cstackCOMRAM 00003B
___fldiv@new_exp                      cstackCOMRAM 000039
___fldiv@rem                          cstackCOMRAM 000034
___fldiv@sign                         cstackCOMRAM 000038
___flge                               text5        0039A6
___flge@ff1                           cstackCOMRAM 000001
___flge@ff2                           cstackCOMRAM 000005
___flmul                              text4        00170A
___flmul@a                            cstackCOMRAM 000013
___flmul@aexp                         cstackCOMRAM 000020
___flmul@b                            cstackCOMRAM 00000F
___flmul@bexp                         cstackCOMRAM 000021
___flmul@grs                          cstackCOMRAM 00001C
___flmul@prod                         cstackCOMRAM 000022
___flmul@sign                         cstackCOMRAM 00001B
___flmul@temp                         cstackCOMRAM 000026
___fltol                              text3        0038A0
___fltol@exp1                         cstackCOMRAM 00000A
___fltol@f1                           cstackCOMRAM 000001
___fltol@sign1                        cstackCOMRAM 000009
___heap_hi                            (abs)        000000
___heap_lo                            (abs)        000000
___inthi_sp                           stack        000000
___intlo_sp                           stack        000000
___lmul                               text52       0041EA
___lmul@multiplicand                  cstackCOMRAM 000005
___lmul@multiplier                    cstackCOMRAM 000001
___lmul@product                       cstackCOMRAM 000009
___param_bank                         (abs)        000000
___rparam_used                        (abs)        000001
___sp                                 stack        000000
___xxtofl                             text2        00301C
___xxtofl@arg                         cstackCOMRAM 00000B
___xxtofl@exp                         cstackCOMRAM 00000A
___xxtofl@sign                        cstackCOMRAM 000009
___xxtofl@val                         cstackCOMRAM 000001
__accesstop                           (abs)        000060
__activetblptr                        (abs)        000002
__end_of_Action                       text53       003C8E
__end_of_Active_Receiver_Interrupt    text55       00475A
__end_of_Check                        text54       00378C
__end_of_Compare                      text51       002DFA
__end_of_EEPROM_Read                  text50       004748
__end_of_EEPROM_Write                 text49       0045C8
__end_of_Flash                        text11       004322
__end_of_I2C_Ack                      text30       004714
__end_of_I2C_Init                     text35       0046EC
__end_of_I2C_Nack                     text29       004700
__end_of_I2C_Read                     text28       004560
__end_of_I2C_Ready                    text42       004726
__end_of_I2C_Repeated_Start           text27       0045F6
__end_of_I2C_Start                    text40       004624
__end_of_I2C_Stop                     text39       004688
__end_of_I2C_Write                    text41       004668
__end_of_ISR                          intcode_body 0046BE
__end_of_LCD_4bit_mode                text45       0041EA
__end_of_LCD_clear                    text47       0046D6
__end_of_LCD_cmd                      text48       004598
__end_of_LCD_cmd_High                 text46       0046A4
__end_of_LCD_goto_xy                  text33       003E3C
__end_of_LCD_init                     text44       004738
__end_of_LCD_write                    text32       0044A0
__end_of_LCD_write_string             text31       0040F8
__end_of_Push_Buttons_Init            text43       004752
__end_of_RTC_Get_Date                 text26       0042BC
__end_of_RTC_Get_Time                 text25       0043C4
__end_of_RTC_Set_Date                 text36       0038A0
__end_of_RTC_Set_Time                 text34       003D66
__end_of_Screen_Date_Time             text12       002BBA
__end_of_Screen_Device_1              text9        002348
__end_of_Screen_Device_2              text8        001F3E
__end_of_Set_Time                     text10       000DCA
__end_of_USART_init                   text1        003B9E
__end_of___aodiv                      text24       0034EE
__end_of___aomod                      text23       003652
__end_of___awdiv                      text38       003FCA
__end_of___awmod                      text37       00407A
__end_of___fladd                      text7        00128A
__end_of___fldiv                      text6        0026E2
__end_of___flge                       text5        003AAA
__end_of___flmul                      text4        001B34
__end_of___fltol                      text3        0039A6
__end_of___lmul                       text52       004254
__end_of___xxtofl                     text2        0031D0
__end_of__initialization              cinit        00444C
__end_of_abs                          text22       004524
__end_of_dtoa                         text17       002960
__end_of_fputc                        text20       003F06
__end_of_fputs                        text19       0044E4
__end_of_main                         text0        00170A
__end_of_pad                          text18       004172
__end_of_putch                        text21       00475C
__end_of_sprintf                      text13       004374
__end_of_vfpfcnvrt                    text15       00301C
__end_of_vfprintf                     text14       004412
__end_of_xtoa                         text16       003366
__initialization                      cinit        004412
__mediumconst                         mediumconst  000000
__pbssBANK0                           bssBANK0     000060
__pbssBANK1                           bssBANK1     000100
__pbssCOMRAM                          bssCOMRAM    00005E
__pcinit                              cinit        004412
__pcstackBANK0                        cstackBANK0  0000E0
__pcstackCOMRAM                       cstackCOMRAM 000001
__pdataBANK0                          dataBANK0    0000BE
__pidataBANK0                         idataBANK0   004624
__pintcode                            intcode      000008
__pintcode_body                       intcode_body 0046A4
__pnvBANK0                            nvBANK0      0000F8
__psmallconst                         smallconst   000800
__ptext0                              text0        00128A
__ptext1                              text1        003AAA
__ptext10                             text10       000850
__ptext11                             text11       0042BC
__ptext12                             text12       002960
__ptext13                             text13       004322
__ptext14                             text14       0043C4
__ptext15                             text15       002DFA
__ptext16                             text16       0031D0
__ptext17                             text17       0026E2
__ptext18                             text18       0040F8
__ptext19                             text19       0044A0
__ptext2                              text2        00301C
__ptext20                             text20       003E3C
__ptext21                             text21       00475A
__ptext22                             text22       0044E4
__ptext23                             text23       0034EE
__ptext24                             text24       003366
__ptext25                             text25       004374
__ptext26                             text26       004254
__ptext27                             text27       0045C8
__ptext28                             text28       004524
__ptext29                             text29       0046EC
__ptext3                              text3        0038A0
__ptext30                             text30       004700
__ptext31                             text31       00407A
__ptext32                             text32       00445A
__ptext33                             text33       003D66
__ptext34                             text34       003C8E
__ptext35                             text35       0046D6
__ptext36                             text36       00378C
__ptext37                             text37       003FCA
__ptext38                             text38       003F06
__ptext39                             text39       004668
__ptext4                              text4        00170A
__ptext40                             text40       0045F6
__ptext41                             text41       004646
__ptext42                             text42       004714
__ptext43                             text43       004748
__ptext44                             text44       004726
__ptext45                             text45       004172
__ptext46                             text46       004688
__ptext47                             text47       0046BE
__ptext48                             text48       004560
__ptext49                             text49       004598
__ptext5                              text5        0039A6
__ptext50                             text50       004738
__ptext51                             text51       002BBA
__ptext52                             text52       0041EA
__ptext53                             text53       003B9E
__ptext54                             text54       003652
__ptext55                             text55       004752
__ptext6                              text6        002348
__ptext7                              text7        000DCA
__ptext8                              text8        001B34
__ptext9                              text9        001F3E
__ramtop                              ramtop       000800
__smallconst                          smallconst   000800
_abs                                  text22       0044E4
_date                                 bssBANK1     000134
_dbuf                                 bssBANK1     000100
_dtoa                                 text17       0026E2
_dtoa$1336                            cstackCOMRAM 00002E
_flag1                                bssBANK0     00009E
_flag2                                bssBANK0     00009D
_flags                                bssCOMRAM    00005E
_fputc                                text20       003E3C
_fputs                                text19       0044A0
_hour2                                bssBANK0     0000BA
_hours                                bssBANK1     00013E
_main                                 text0        00128A
_mask                                 bssBANK0     000080
_min2                                 bssBANK0     00008C
_mins                                 bssBANK0     00009F
_month                                bssBANK1     00012A
_pad                                  text18       0040F8
_prec                                 bssBANK0     000092
_putch                                text21       00475A
_rtc                                  bssBANK0     0000B3
_sec2                                 bssBANK0     000088
_secs                                 bssBANK0     0000A9
_sprintf                              text13       004322
_time1                                dataBANK0    0000C0
_total                                bssBANK0     000084
_total1                               bssBANK0     000070
_total2                               bssBANK0     000060
_vfpfcnvrt                            text15       002DFA
_vfprintf                             text14       0043C4
_width                                bssBANK0     000090
_xtoa                                 text16       0031D0
_xtoa$1346                            cstackCOMRAM 000030
_year                                 bssBANK1     000120
abs@a                                 cstackCOMRAM 000013
btemp                                 temp         00005F
dtoa@d                                cstackCOMRAM 00001E
dtoa@fp                               cstackCOMRAM 00001C
dtoa@i                                cstackCOMRAM 00003C
dtoa@n                                cstackCOMRAM 000034
dtoa@p                                cstackCOMRAM 000030
dtoa@s                                cstackCOMRAM 00003E
dtoa@w                                cstackCOMRAM 000032
end_of_initialization                 cinit        00444C
fputc@c                               cstackCOMRAM 000001
fputc@fp                              cstackCOMRAM 000003
fputs@c                               cstackCOMRAM 00000E
fputs@fp                              cstackCOMRAM 00000C
fputs@i                               cstackCOMRAM 00000F
fputs@s                               cstackCOMRAM 00000A
int$flags                             temp         00005F
int_func                              intcode_body 0046A4
intlevel0                             text         000000
intlevel1                             text         000000
intlevel2                             text         000000
intlevel3                             text         000000
isa$std                               (abs)        000001
isa$xinst                             (abs)        000000
main@i                                cstackBANK0  0000F3
main@i_522                            cstackBANK0  0000F4
main@i_528                            cstackBANK0  0000F5
main@j                                cstackBANK0  0000F6
main@j_529                            cstackBANK0  0000F7
pad@buf                               cstackCOMRAM 000013
pad@fp                                cstackCOMRAM 000011
pad@i                                 cstackCOMRAM 000018
pad@p                                 cstackCOMRAM 000015
pad@w                                 cstackCOMRAM 00001A
sprintf@ap                            cstackBANK0  0000E6
sprintf@f                             cstackBANK0  0000E8
sprintf@fmt                           cstackBANK0  0000E2
sprintf@s                             cstackBANK0  0000E0
stackhi                               (abs)        000000
stacklo                               (abs)        000000
start                                 init         00000E
start_initialization                  cinit        004412
ttemp5                                temp         000060
ttemp6                                temp         000063
ttemp7                                temp         000067
vfpfcnvrt@ap                          cstackCOMRAM 000043
vfpfcnvrt@convarg                     cstackCOMRAM 000049
vfpfcnvrt@cp                          cstackCOMRAM 000051
vfpfcnvrt@fmt                         cstackCOMRAM 000041
vfpfcnvrt@fp                          cstackCOMRAM 00003F
vfprintf@ap                           cstackCOMRAM 000057
vfprintf@cfmt                         cstackCOMRAM 000059
vfprintf@fmt                          cstackCOMRAM 000055
vfprintf@fp                           cstackCOMRAM 000053
wtemp8                                temp         000060
xtoa@c                                cstackCOMRAM 00003E
xtoa@d                                cstackCOMRAM 00001E
xtoa@fp                               cstackCOMRAM 00001C
xtoa@i                                cstackCOMRAM 00003C
xtoa@n                                cstackCOMRAM 000034
xtoa@p                                cstackCOMRAM 000032
xtoa@w                                cstackCOMRAM 00002E


MODULE INFORMATION

Module		Function		Class		Link	Load	Size
C:\Program Files\Microchip\xc8\v2.40\pic\sources\c99\common\sprcmul.c
		___flmul       		CODE           	170A	0000	1066

C:\Program Files\Microchip\xc8\v2.40\pic\sources\c99\common\sprcmul.c estimated size: 1066

C:\Program Files\Microchip\xc8\v2.40\pic\sources\c99\common\nf_fputc.c
		_fputc         		CODE           	3E3C	0000	202

C:\Program Files\Microchip\xc8\v2.40\pic\sources\c99\common\nf_fputc.c estimated size: 202

C:\Program Files\Microchip\xc8\v2.40\pic\sources\c99\common\sprcdiv.c
		___fldiv       		CODE           	2348	0000	922

C:\Program Files\Microchip\xc8\v2.40\pic\sources\c99\common\sprcdiv.c estimated size: 922

LCD_Screens.c
		_Screen_Date_Time		CODE           	2960	0000	602
		_Screen_Device_1		CODE           	1F3E	0000	1034
		_Screen_Device_2		CODE           	1B34	0000	1034

LCD_Screens.c estimated size: 2670

C:\Program Files\Microchip\xc8\v2.40\pic\sources\c99\common\nf_sprintf.c
		_sprintf       		CODE           	4322	0000	82

C:\Program Files\Microchip\xc8\v2.40\pic\sources\c99\common\nf_sprintf.c estimated size: 82

C:\Program Files\Microchip\xc8\v2.40\pic\sources\c99\common\awdiv.c
		___awdiv       		CODE           	3F06	0000	196

C:\Program Files\Microchip\xc8\v2.40\pic\sources\c99\common\awdiv.c estimated size: 196

C:\Program Files\Microchip\xc8\v2.40\pic\sources\c99\common\fltol.c
		___fltol       		CODE           	38A0	0000	262

C:\Program Files\Microchip\xc8\v2.40\pic\sources\c99\common\fltol.c estimated size: 262

RTC_Driver.c
		_RTC_Get_Date  		CODE           	4254	0000	104
		_RTC_Get_Time  		CODE           	4374	0000	80
		_RTC_Set_Date  		CODE           	378C	0000	276
		_RTC_Set_Time  		CODE           	3C8E	0000	216

RTC_Driver.c estimated size: 676

C:\Program Files\Microchip\xc8\v2.40\pic\sources\c99\common\abs.c
		_abs           		CODE           	44E4	0000	64

C:\Program Files\Microchip\xc8\v2.40\pic\sources\c99\common\abs.c estimated size: 64

Push_Buttons.c
		_Push_Buttons_Init		CODE           	4748	0000	10

Push_Buttons.c estimated size: 10

App_Functions.c
		_Flash         		CODE           	42BC	0000	102
		_Check         		CODE           	3652	0000	314
		_Action        		CODE           	3B9E	0000	240
		_Set_Time      		CODE           	0850	0000	1402
		_Compare       		CODE           	2BBA	0000	576

App_Functions.c estimated size: 2634

UART_Driver.c
		_Active_Receiver_Interrupt		CODE           	4752	0000	8
		_USART_init    		CODE           	3AAA	0000	244

UART_Driver.c estimated size: 252

C:\Program Files\Microchip\xc8\v2.40\pic\sources\c99\common\sprcadd.c
		___fladd       		CODE           	0DCA	0000	1216

C:\Program Files\Microchip\xc8\v2.40\pic\sources\c99\common\sprcadd.c estimated size: 1216

C:\Program Files\Microchip\xc8\v2.40\pic\sources\c99\common\Umul32.c
		___lmul        		CODE           	41EA	0000	106

C:\Program Files\Microchip\xc8\v2.40\pic\sources\c99\common\Umul32.c estimated size: 106

C:\Program Files\Microchip\xc8\v2.40\pic\sources\c99\common\xxtofl.c
		___xxtofl      		CODE           	301C	0000	436

C:\Program Files\Microchip\xc8\v2.40\pic\sources\c99\common\xxtofl.c estimated size: 436

C:\Program Files\Microchip\xc8\v2.40\pic\sources\c99\common\nf_fputs.c
		_fputs         		CODE           	44A0	0000	68

C:\Program Files\Microchip\xc8\v2.40\pic\sources\c99\common\nf_fputs.c estimated size: 68

C:\Program Files\Microchip\xc8\v2.40\pic\sources\c99\common\aomod.c
		___aomod       		CODE           	34EE	0000	356

C:\Program Files\Microchip\xc8\v2.40\pic\sources\c99\common\aomod.c estimated size: 356

shared
		__initialization		CODE           	4412	0000	58

shared estimated size: 58

C:\Program Files\Microchip\xc8\v2.40\pic\sources\c99\common\flge.c
		___flge        		CODE           	39A6	0000	260

C:\Program Files\Microchip\xc8\v2.40\pic\sources\c99\common\flge.c estimated size: 260

LCD_Driver.c
		_LCD_clear     		CODE           	46BE	0000	24
		_LCD_goto_xy   		CODE           	3D66	0000	214
		_LCD_write     		CODE           	445A	0000	70
		_LCD_4bit_mode 		CODE           	4172	0000	120
		_LCD_write_string		CODE           	407A	0000	126
		_LCD_init      		CODE           	4726	0000	18
		_LCD_cmd       		CODE           	4560	0000	56
		_LCD_cmd_High  		CODE           	4688	0000	28

LCD_Driver.c estimated size: 656

C:\Program Files\Microchip\xc8\v2.40\pic\sources\c99\common\awmod.c
		___awmod       		CODE           	3FCA	0000	176

C:\Program Files\Microchip\xc8\v2.40\pic\sources\c99\common\awmod.c estimated size: 176

EEPROM_Driver.c
		_EEPROM_Read   		CODE           	4738	0000	16
		_EEPROM_Write  		CODE           	4598	0000	48

EEPROM_Driver.c estimated size: 64

C:\Program Files\Microchip\xc8\v2.40\pic\sources\c99\common\putch.c
		_putch         		CODE           	475A	0000	2

C:\Program Files\Microchip\xc8\v2.40\pic\sources\c99\common\putch.c estimated size: 2

C:\Program Files\Microchip\xc8\v2.40\pic\sources\c99\common\doprnt.c
		_vfpfcnvrt     		CODE           	2DFA	0000	546
		_pad           		CODE           	40F8	0000	122
		_dtoa          		CODE           	26E2	0000	638
		_vfprintf      		CODE           	43C4	0000	78
		_xtoa          		CODE           	31D0	0000	406

C:\Program Files\Microchip\xc8\v2.40\pic\sources\c99\common\doprnt.c estimated size: 1790

I2C_Driver.c
		_I2C_Write     		CODE           	4646	0000	34
		_I2C_Stop      		CODE           	4668	0000	32
		_I2C_Read      		CODE           	4524	0000	60
		_I2C_Ready     		CODE           	4714	0000	18
		_I2C_Init      		CODE           	46D6	0000	22
		_I2C_Repeated_Start		CODE           	45C8	0000	46
		_I2C_Ack       		CODE           	4700	0000	20
		_I2C_Nack      		CODE           	46EC	0000	20
		_I2C_Start     		CODE           	45F6	0000	46

I2C_Driver.c estimated size: 298

main.c
		_ISR           		CODE           	0008	0000	32
		_main          		CODE           	128A	0000	1152

main.c estimated size: 1184

C:\Program Files\Microchip\xc8\v2.40\pic\sources\c99\common\aodiv.c
		___aodiv       		CODE           	3366	0000	392

C:\Program Files\Microchip\xc8\v2.40\pic\sources\c99\common\aodiv.c estimated size: 392

